// Jest Snapshot v1, https://goo.gl/fbAQLP

exports[`jest-chain fails fast throws error from first matcher: toBe when 1 != 2 1`] = `
"<dim>expect(</intensity><red>received</color><dim>).</intensity>toBe<dim>(</intensity><green>expected</color><dim>) // Object.is equality</intensity>

Expected: <green>2</color>
Received: <red>1</color>"
`;

exports[`jest-chain fails fast throws error from second matcher: toBeGreaterThan when 1 !> 1 1`] = `
"<dim>expect(</intensity><red>received</color><dim>).</intensity>toBeGreaterThan<dim>(</intensity><green>expected</color><dim>)</intensity>

Expected: > <green>1</color>
Received:   <red>1</color>"
`;

exports[`jest-chain fails fast throws error from second matcher: toBeLessThan when 1 !< 1 1`] = `
"<dim>expect(</intensity><red>received</color><dim>).</intensity>toBeLessThan<dim>(</intensity><green>expected</color><dim>)</intensity>

Expected: < <green>1</color>
Received:   <red>1</color>"
`;
